// Jest Snapshot v1, https://goo.gl/fbAQLP

exports[`mapStateToProps 1`] = `
Object {
  "basket": Array [
    Object {
      "id": 1,
      "price": "45.00",
      "productType": "Type test",
      "title": "Testing title",
    },
    Object {
      "id": 2,
      "price": "98.00",
      "productType": "Other type",
      "title": "Testing title2",
    },
  ],
  "total": undefined,
}
`;

exports[`renders correctly 1`] = `ShallowWrapper {}`;
